2025-05-28 08:41:05,476 - /Users/chessman/Desktop/CODE_INSTRUCTION/deployment_layout/models/catdog_predictor.py - INFO - Starting Model Serving
2025-05-28 08:41:05,476 - /Users/chessman/Desktop/CODE_INSTRUCTION/deployment_layout/models/catdog_predictor.py - ERROR - Load model failed
2025-05-28 08:41:05,476 - /Users/chessman/Desktop/CODE_INSTRUCTION/deployment_layout/models/catdog_predictor.py - ERROR - Error: CatDogModel.__init__() missing 1 required positional argument: 'hidden_output'
2025-05-28 08:46:29,668 - /Users/chessman/Desktop/CODE_INSTRUCTION/deployment_layout/models/catdog_predictor.py - INFO - Starting Model Serving
2025-05-28 08:46:29,668 - /Users/chessman/Desktop/CODE_INSTRUCTION/deployment_layout/models/catdog_predictor.py - ERROR - Load model failed
2025-05-28 08:46:29,668 - /Users/chessman/Desktop/CODE_INSTRUCTION/deployment_layout/models/catdog_predictor.py - ERROR - Error: CatDogModel.__init__() missing 1 required positional argument: 'hidden_output'
2025-05-28 08:46:51,032 - /Users/chessman/Desktop/CODE_INSTRUCTION/deployment_layout/models/catdog_predictor.py - INFO - Starting Model Serving
2025-05-28 08:46:51,032 - /Users/chessman/Desktop/CODE_INSTRUCTION/deployment_layout/models/catdog_predictor.py - ERROR - Load model failed
2025-05-28 08:46:51,032 - /Users/chessman/Desktop/CODE_INSTRUCTION/deployment_layout/models/catdog_predictor.py - ERROR - Error: type object 'CatDogDataConfig' has no attribute 'HIDDEN_OUTPUT'
2025-05-28 08:46:52,634 - /Users/chessman/Desktop/CODE_INSTRUCTION/deployment_layout/models/catdog_predictor.py - INFO - Starting Model Serving
2025-05-28 08:46:52,634 - /Users/chessman/Desktop/CODE_INSTRUCTION/deployment_layout/models/catdog_predictor.py - ERROR - Load model failed
2025-05-28 08:46:52,634 - /Users/chessman/Desktop/CODE_INSTRUCTION/deployment_layout/models/catdog_predictor.py - ERROR - Error: type object 'CatDogDataConfig' has no attribute 'HIDDEN_OUTPUT'
2025-05-28 08:47:22,499 - /Users/chessman/Desktop/CODE_INSTRUCTION/deployment_layout/models/catdog_predictor.py - INFO - Starting Model Serving
2025-05-28 08:47:22,499 - /Users/chessman/Desktop/CODE_INSTRUCTION/deployment_layout/models/catdog_predictor.py - ERROR - Load model failed
2025-05-28 08:47:22,499 - /Users/chessman/Desktop/CODE_INSTRUCTION/deployment_layout/models/catdog_predictor.py - ERROR - Error: type object 'CatDogDataConfig' has no attribute 'HIDDEN_OUTPUT'
2025-05-28 08:48:00,753 - /Users/chessman/Desktop/CODE_INSTRUCTION/deployment_layout/models/catdog_predictor.py - INFO - Starting Model Serving
2025-05-28 08:48:00,753 - /Users/chessman/Desktop/CODE_INSTRUCTION/deployment_layout/models/catdog_predictor.py - ERROR - Load model failed
2025-05-28 08:48:00,753 - /Users/chessman/Desktop/CODE_INSTRUCTION/deployment_layout/models/catdog_predictor.py - ERROR - Error: type object 'CatDogDataConfig' has no attribute 'HIDDEN_OUTPUT'
2025-05-28 08:48:02,305 - /Users/chessman/Desktop/CODE_INSTRUCTION/deployment_layout/models/catdog_predictor.py - INFO - Starting Model Serving
2025-05-28 08:48:02,306 - /Users/chessman/Desktop/CODE_INSTRUCTION/deployment_layout/models/catdog_predictor.py - ERROR - Load model failed
2025-05-28 08:48:02,306 - /Users/chessman/Desktop/CODE_INSTRUCTION/deployment_layout/models/catdog_predictor.py - ERROR - Error: type object 'CatDogDataConfig' has no attribute 'HIDDEN_OUTPUT'
2025-05-28 08:49:29,048 - /Users/chessman/Desktop/CODE_INSTRUCTION/deployment_layout/models/catdog_predictor.py - INFO - Starting Model Serving
2025-05-28 08:49:30,844 - /Users/chessman/Desktop/CODE_INSTRUCTION/deployment_layout/models/catdog_predictor.py - INFO - Starting Model Serving
2025-05-28 08:49:32,623 - /Users/chessman/Desktop/CODE_INSTRUCTION/deployment_layout/models/catdog_predictor.py - INFO - Starting Model Serving
2025-05-28 08:49:36,193 - /Users/chessman/Desktop/CODE_INSTRUCTION/deployment_layout/models/catdog_predictor.py - INFO - Starting Model Serving
2025-05-28 08:49:36,193 - /Users/chessman/Desktop/CODE_INSTRUCTION/deployment_layout/models/catdog_predictor.py - ERROR - Load model failed
2025-05-28 08:49:36,194 - /Users/chessman/Desktop/CODE_INSTRUCTION/deployment_layout/models/catdog_predictor.py - ERROR - Error: type object 'CatDogDataConfig' has no attribute 'HIDDEN_OUTPUT'
2025-05-28 08:49:37,800 - /Users/chessman/Desktop/CODE_INSTRUCTION/deployment_layout/models/catdog_predictor.py - INFO - Starting Model Serving
2025-05-28 08:49:37,800 - /Users/chessman/Desktop/CODE_INSTRUCTION/deployment_layout/models/catdog_predictor.py - ERROR - Load model failed
2025-05-28 08:49:37,800 - /Users/chessman/Desktop/CODE_INSTRUCTION/deployment_layout/models/catdog_predictor.py - ERROR - Error: type object 'CatDogDataConfig' has no attribute 'HIDDEN_OUTPUT'
2025-05-28 08:49:42,517 - /Users/chessman/Desktop/CODE_INSTRUCTION/deployment_layout/models/catdog_predictor.py - INFO - Starting Model Serving
2025-05-28 08:49:42,517 - /Users/chessman/Desktop/CODE_INSTRUCTION/deployment_layout/models/catdog_predictor.py - ERROR - Load model failed
2025-05-28 08:49:42,517 - /Users/chessman/Desktop/CODE_INSTRUCTION/deployment_layout/models/catdog_predictor.py - ERROR - Error: name 'ModelConfig' is not defined
2025-05-28 08:50:38,648 - /Users/chessman/Desktop/CODE_INSTRUCTION/deployment_layout/models/catdog_predictor.py - INFO - Starting Model Serving
2025-05-28 08:50:38,649 - /Users/chessman/Desktop/CODE_INSTRUCTION/deployment_layout/models/catdog_predictor.py - ERROR - Load model failed
2025-05-28 08:50:38,649 - /Users/chessman/Desktop/CODE_INSTRUCTION/deployment_layout/models/catdog_predictor.py - ERROR - Error: name 'ModelConfig' is not defined
2025-05-28 08:50:40,204 - /Users/chessman/Desktop/CODE_INSTRUCTION/deployment_layout/models/catdog_predictor.py - INFO - Starting Model Serving
2025-05-28 08:50:42,068 - /Users/chessman/Desktop/CODE_INSTRUCTION/deployment_layout/models/catdog_predictor.py - INFO - Starting Model Serving
2025-05-28 08:50:57,100 - /Users/chessman/Desktop/CODE_INSTRUCTION/deployment_layout/models/catdog_predictor.py - INFO - Predictor name: resnet18
2025-05-28 08:50:57,100 - /Users/chessman/Desktop/CODE_INSTRUCTION/deployment_layout/models/catdog_predictor.py - INFO - Predicted Prob: 1.0 - Predicted ID: 0 - Predicted Class: Cat
2025-05-28 08:51:38,358 - /Users/chessman/Desktop/CODE_INSTRUCTION/deployment_layout/models/catdog_predictor.py - INFO - Predictor name: resnet18
2025-05-28 08:51:38,359 - /Users/chessman/Desktop/CODE_INSTRUCTION/deployment_layout/models/catdog_predictor.py - INFO - Predicted Prob: 0.9998326301574707 - Predicted ID: 1 - Predicted Class: Dog
2025-05-28 08:53:08,289 - /Users/chessman/Desktop/CODE_INSTRUCTION/deployment_layout/models/catdog_predictor.py - INFO - Predictor name: resnet18
2025-05-28 08:53:08,290 - /Users/chessman/Desktop/CODE_INSTRUCTION/deployment_layout/models/catdog_predictor.py - INFO - Predicted Prob: 1.0 - Predicted ID: 1 - Predicted Class: Dog
2025-05-28 09:01:01,974 - /Users/chessman/Desktop/CODE_INSTRUCTION/deployment_layout/models/catdog_predictor.py - INFO - Starting Model Serving
2025-05-28 09:01:33,918 - /Users/chessman/Desktop/CODE_INSTRUCTION/deployment_layout/models/catdog_predictor.py - INFO - Starting Model Serving
2025-05-28 09:02:23,642 - /Users/chessman/Desktop/CODE_INSTRUCTION/deployment_layout/models/catdog_predictor.py - INFO - Starting Model Serving
2025-05-28 09:08:24,140 - /Users/chessman/Desktop/CODE_INSTRUCTION/deployment_layout/models/catdog_predictor.py - INFO - Starting Model Serving
2025-05-28 09:08:30,704 - /Users/chessman/Desktop/CODE_INSTRUCTION/deployment_layout/models/catdog_predictor.py - INFO - Predictor name: resnet18
2025-05-28 09:08:30,704 - /Users/chessman/Desktop/CODE_INSTRUCTION/deployment_layout/models/catdog_predictor.py - INFO - Predicted Prob: 0.9999998807907104 - Predicted ID: 0 - Predicted Class: Cat
2025-05-28 09:09:12,553 - /Users/chessman/Desktop/CODE_INSTRUCTION/deployment_layout/models/catdog_predictor.py - INFO - Starting Model Serving
2025-05-28 09:09:16,118 - /Users/chessman/Desktop/CODE_INSTRUCTION/deployment_layout/models/catdog_predictor.py - INFO - Starting Model Serving
2025-05-28 09:09:23,564 - /Users/chessman/Desktop/CODE_INSTRUCTION/deployment_layout/models/catdog_predictor.py - INFO - Starting Model Serving
2025-05-28 09:09:46,610 - /Users/chessman/Desktop/CODE_INSTRUCTION/deployment_layout/models/catdog_predictor.py - INFO - Starting Model Serving
2025-05-28 09:09:51,642 - /Users/chessman/Desktop/CODE_INSTRUCTION/deployment_layout/models/catdog_predictor.py - INFO - Starting Model Serving
2025-05-28 09:10:01,771 - /Users/chessman/Desktop/CODE_INSTRUCTION/deployment_layout/models/catdog_predictor.py - INFO - Starting Model Serving
2025-05-28 09:10:04,170 - /Users/chessman/Desktop/CODE_INSTRUCTION/deployment_layout/models/catdog_predictor.py - INFO - Starting Model Serving
2025-05-28 09:10:16,274 - /Users/chessman/Desktop/CODE_INSTRUCTION/deployment_layout/models/catdog_predictor.py - INFO - Starting Model Serving
2025-05-28 09:10:38,180 - /Users/chessman/Desktop/CODE_INSTRUCTION/deployment_layout/models/catdog_predictor.py - INFO - Predictor name: resnet18
2025-05-28 09:10:38,180 - /Users/chessman/Desktop/CODE_INSTRUCTION/deployment_layout/models/catdog_predictor.py - INFO - Predicted Prob: 0.9999998807907104 - Predicted ID: 0 - Predicted Class: Cat
